%!Adobe-FontList 1.14
%Locale:0x409

%BeginFont
Handler:DirectoryHandler
FontType:Invalid
OutlineFileName:\.DS_Store
FileLength:6148
FileModTime:1418677597
%EndFont

%BeginFont
Handler:DirectoryHandler
FontType:Type1
FontName:Asap-Symbol
FamilyName:Asap
StyleName:Symbol
MenuName:Asap Symbol
StyleBits:0
WeightClass:900
WidthClass:5
AngleClass:0
FullName:Asap Symbol
WritingScript:Roman
OutlineFileName:\Asap-Symbol.otf
DataFormat:sfntData
UsesStandardEncoding:yes
isCFF:yes
FileLength:65332
FileModTime:1418650068
%EndFont

%BeginFont
Handler:DirectoryHandler
FontType:Type1
FontName:Chivo-Black
FamilyName:Chivo
StyleName:Black
MenuName:Chivo Light
StyleBits:2
WeightClass:900
WidthClass:5
AngleClass:0
FullName:Chivo Black
WritingScript:Roman
OutlineFileName:\Chivo-Black.otf
DataFormat:sfntData
UsesStandardEncoding:yes
isCFF:yes
FileLength:51128
FileModTime:1418677174
%EndFont

%BeginFont
Handler:DirectoryHandler
FontType:Type1
FontName:Chivo-Regular
FamilyName:Chivo
StyleName:Regular
MenuName:Chivo
StyleBits:0
WeightClass:400
WidthClass:5
AngleClass:0
FullName:Chivo
WritingScript:Roman
OutlineFileName:\Chivo-Regular.otf
DataFormat:sfntData
UsesStandardEncoding:yes
isCFF:yes
FileLength:54596
FileModTime:1418677174
%EndFont

